[ERROR] 2025-11-23 20:19:30,986 django.server basehttp 63096 38760 - You're accessing the development server over HTTPS, but it only supports HTTP.
[ERROR] 2025-11-23 20:19:30,992 django.server basehttp 63096 68856 - You're accessing the development server over HTTPS, but it only supports HTTP.
[ERROR] 2025-11-23 20:20:18,042 django.server basehttp 63096 33780 - You're accessing the development server over HTTPS, but it only supports HTTP.
[ERROR] 2025-11-23 20:20:18,045 django.server basehttp 63096 16564 - You're accessing the development server over HTTPS, but it only supports HTTP.
[ERROR] 2025-11-23 20:20:25,962 django.server basehttp 63096 64100 - You're accessing the development server over HTTPS, but it only supports HTTP.
[ERROR] 2025-11-23 20:20:26,222 django.server basehttp 63096 44116 - You're accessing the development server over HTTPS, but it only supports HTTP.
[ERROR] 2025-11-23 20:20:26,270 django.server basehttp 63096 23872 - You're accessing the development server over HTTPS, but it only supports HTTP.
[ERROR] 2025-11-23 20:20:26,534 django.server basehttp 63096 75532 - You're accessing the development server over HTTPS, but it only supports HTTP.
[ERROR] 2025-11-23 20:21:02,952 django.server basehttp 60368 42628 - You're accessing the development server over HTTPS, but it only supports HTTP.
[ERROR] 2025-11-23 20:21:03,202 django.server basehttp 60368 28368 - You're accessing the development server over HTTPS, but it only supports HTTP.
[ERROR] 2025-11-23 20:21:03,265 django.server basehttp 60368 49744 - You're accessing the development server over HTTPS, but it only supports HTTP.
[ERROR] 2025-11-23 20:21:03,513 django.server basehttp 60368 9408 - You're accessing the development server over HTTPS, but it only supports HTTP.
[ERROR] 2025-11-23 20:21:04,968 django.server basehttp 60368 48480 - You're accessing the development server over HTTPS, but it only supports HTTP.
[ERROR] 2025-11-23 20:21:05,231 django.server basehttp 60368 43028 - You're accessing the development server over HTTPS, but it only supports HTTP.
[ERROR] 2025-11-23 20:21:05,279 django.server basehttp 60368 70692 - You're accessing the development server over HTTPS, but it only supports HTTP.
[ERROR] 2025-11-23 20:21:05,541 django.server basehttp 60368 17344 - You're accessing the development server over HTTPS, but it only supports HTTP.
[ERROR] 2025-11-23 20:21:46,565 django.server basehttp 23496 5720 - You're accessing the development server over HTTPS, but it only supports HTTP.
[ERROR] 2025-11-23 20:21:46,812 django.server basehttp 23496 70092 - You're accessing the development server over HTTPS, but it only supports HTTP.
[ERROR] 2025-11-23 20:21:46,874 django.server basehttp 23496 13444 - You're accessing the development server over HTTPS, but it only supports HTTP.
[ERROR] 2025-11-23 20:21:47,123 django.server basehttp 23496 71324 - You're accessing the development server over HTTPS, but it only supports HTTP.
[ERROR] 2025-11-23 20:31:16,545 django.server basehttp 73796 10628 - You're accessing the development server over HTTPS, but it only supports HTTP.
[ERROR] 2025-11-23 20:31:16,811 django.server basehttp 73796 47528 - You're accessing the development server over HTTPS, but it only supports HTTP.
[ERROR] 2025-11-23 20:31:16,856 django.server basehttp 73796 4228 - You're accessing the development server over HTTPS, but it only supports HTTP.
[ERROR] 2025-11-23 20:31:17,120 django.server basehttp 73796 64320 - You're accessing the development server over HTTPS, but it only supports HTTP.
[ERROR] 2025-11-23 20:31:27,923 django.server basehttp 73796 21344 - You're accessing the development server over HTTPS, but it only supports HTTP.
[ERROR] 2025-11-23 20:31:28,186 django.server basehttp 73796 25800 - You're accessing the development server over HTTPS, but it only supports HTTP.
[ERROR] 2025-11-23 20:31:28,233 django.server basehttp 73796 75140 - You're accessing the development server over HTTPS, but it only supports HTTP.
[ERROR] 2025-11-23 20:31:28,500 django.server basehttp 73796 41636 - You're accessing the development server over HTTPS, but it only supports HTTP.
[ERROR] 2025-11-23 20:41:06,994 django.server basehttp 5720 61108 - You're accessing the development server over HTTPS, but it only supports HTTP.
[ERROR] 2025-11-23 20:41:06,997 django.server basehttp 5720 54308 - You're accessing the development server over HTTPS, but it only supports HTTP.
[ERROR] 2025-11-23 20:41:14,750 django.server basehttp 5720 12488 - You're accessing the development server over HTTPS, but it only supports HTTP.
[ERROR] 2025-11-23 20:41:14,753 django.server basehttp 5720 43880 - You're accessing the development server over HTTPS, but it only supports HTTP.
[ERROR] 2025-11-23 20:45:51,709 django.server basehttp 18216 4068 - You're accessing the development server over HTTPS, but it only supports HTTP.
[ERROR] 2025-11-23 20:45:51,718 django.server basehttp 18216 12028 - You're accessing the development server over HTTPS, but it only supports HTTP.
[ERROR] 2025-11-23 20:46:46,180 django.server basehttp 18216 25500 - You're accessing the development server over HTTPS, but it only supports HTTP.
[ERROR] 2025-11-23 20:46:46,444 django.server basehttp 18216 18268 - You're accessing the development server over HTTPS, but it only supports HTTP.
[ERROR] 2025-11-23 20:46:46,492 django.server basehttp 18216 60136 - You're accessing the development server over HTTPS, but it only supports HTTP.
[ERROR] 2025-11-23 20:46:46,760 django.server basehttp 18216 39344 - You're accessing the development server over HTTPS, but it only supports HTTP.
[ERROR] 2025-11-23 20:48:32,490 django.server basehttp 18216 63620 - You're accessing the development server over HTTPS, but it only supports HTTP.
[ERROR] 2025-11-23 20:48:32,751 django.server basehttp 18216 9764 - You're accessing the development server over HTTPS, but it only supports HTTP.
[ERROR] 2025-11-23 20:48:32,798 django.server basehttp 18216 11000 - You're accessing the development server over HTTPS, but it only supports HTTP.
[ERROR] 2025-11-23 20:48:33,065 django.server basehttp 18216 74736 - You're accessing the development server over HTTPS, but it only supports HTTP.
[ERROR] 2025-11-27 20:54:20,248 django.request log 30544 65628 - Internal Server Error: /api/v1/dashboard/auth/login/
Traceback (most recent call last):
  File "C:\PROYECTOS\venv\Lib\site-packages\django\core\handlers\exception.py", line 55, in inner
    response = get_response(request)
               ^^^^^^^^^^^^^^^^^^^^^
  File "C:\PROYECTOS\venv\Lib\site-packages\django\core\handlers\base.py", line 197, in _get_response
    response = wrapped_callback(request, *callback_args, **callback_kwargs)
               ^^^^^^^^^^^^^^^^^^^^^^^^^^^^^^^^^^^^^^^^^^^^^^^^^^^^^^^^^^^^
  File "C:\PROYECTOS\venv\Lib\site-packages\django\views\decorators\csrf.py", line 65, in _view_wrapper
    return view_func(request, *args, **kwargs)
           ^^^^^^^^^^^^^^^^^^^^^^^^^^^^^^^^^^^
  File "C:\PROYECTOS\venv\Lib\site-packages\django\views\generic\base.py", line 105, in view
    return self.dispatch(request, *args, **kwargs)
           ^^^^^^^^^^^^^^^^^^^^^^^^^^^^^^^^^^^^^^^
  File "C:\PROYECTOS\venv\Lib\site-packages\rest_framework\views.py", line 515, in dispatch
    response = self.handle_exception(exc)
               ^^^^^^^^^^^^^^^^^^^^^^^^^^
  File "C:\PROYECTOS\venv\Lib\site-packages\rest_framework\views.py", line 475, in handle_exception
    self.raise_uncaught_exception(exc)
  File "C:\PROYECTOS\venv\Lib\site-packages\rest_framework\views.py", line 486, in raise_uncaught_exception
    raise exc
  File "C:\PROYECTOS\venv\Lib\site-packages\rest_framework\views.py", line 512, in dispatch
    response = handler(request, *args, **kwargs)
               ^^^^^^^^^^^^^^^^^^^^^^^^^^^^^^^^^
  File "C:\PROYECTOS\venv\Lib\site-packages\rest_framework_simplejwt\views.py", line 43, in post
    serializer = self.get_serializer(data=request.data)
                 ^^^^^^^^^^^^^^^^^^^^^^^^^^^^^^^^^^^^^^
  File "C:\PROYECTOS\venv\Lib\site-packages\rest_framework\generics.py", line 114, in get_serializer
    return serializer_class(*args, **kwargs)
           ^^^^^^^^^^^^^^^^^^^^^^^^^^^^^^^^^
  File "C:\PROYECTOS\pragma\backend\config\urls.py", line 25, in __init__
    self.fields['email'] = self.fields.pop('username')
                           ^^^^^^^^^^^^^^^^^^^^^^^^^^^
  File "<frozen _collections_abc>", line 945, in pop
  File "C:\PROYECTOS\venv\Lib\site-packages\rest_framework\utils\serializer_helpers.py", line 168, in __getitem__
    return self.fields[key]
           ~~~~~~~~~~~^^^^^
KeyError: 'username'
[ERROR] 2025-11-27 20:54:20,252 django.server basehttp 30544 65628 - "POST /api/v1/dashboard/auth/login/ HTTP/1.1" 500 122430
[ERROR] 2025-11-27 20:57:30,030 django.request log 15668 69040 - Internal Server Error: /api/v1/dashboard/auth/login/
Traceback (most recent call last):
  File "C:\PROYECTOS\venv\Lib\site-packages\django\core\handlers\exception.py", line 55, in inner
    response = get_response(request)
               ^^^^^^^^^^^^^^^^^^^^^
  File "C:\PROYECTOS\venv\Lib\site-packages\django\core\handlers\base.py", line 197, in _get_response
    response = wrapped_callback(request, *callback_args, **callback_kwargs)
               ^^^^^^^^^^^^^^^^^^^^^^^^^^^^^^^^^^^^^^^^^^^^^^^^^^^^^^^^^^^^
  File "C:\PROYECTOS\venv\Lib\site-packages\django\views\decorators\csrf.py", line 65, in _view_wrapper
    return view_func(request, *args, **kwargs)
           ^^^^^^^^^^^^^^^^^^^^^^^^^^^^^^^^^^^
  File "C:\PROYECTOS\venv\Lib\site-packages\django\views\generic\base.py", line 105, in view
    return self.dispatch(request, *args, **kwargs)
           ^^^^^^^^^^^^^^^^^^^^^^^^^^^^^^^^^^^^^^^
  File "C:\PROYECTOS\venv\Lib\site-packages\rest_framework\views.py", line 515, in dispatch
    response = self.handle_exception(exc)
               ^^^^^^^^^^^^^^^^^^^^^^^^^^
  File "C:\PROYECTOS\venv\Lib\site-packages\rest_framework\views.py", line 475, in handle_exception
    self.raise_uncaught_exception(exc)
  File "C:\PROYECTOS\venv\Lib\site-packages\rest_framework\views.py", line 486, in raise_uncaught_exception
    raise exc
  File "C:\PROYECTOS\venv\Lib\site-packages\rest_framework\views.py", line 512, in dispatch
    response = handler(request, *args, **kwargs)
               ^^^^^^^^^^^^^^^^^^^^^^^^^^^^^^^^^
  File "C:\PROYECTOS\venv\Lib\site-packages\rest_framework_simplejwt\views.py", line 43, in post
    serializer = self.get_serializer(data=request.data)
                 ^^^^^^^^^^^^^^^^^^^^^^^^^^^^^^^^^^^^^^
  File "C:\PROYECTOS\venv\Lib\site-packages\rest_framework\generics.py", line 114, in get_serializer
    return serializer_class(*args, **kwargs)
           ^^^^^^^^^^^^^^^^^^^^^^^^^^^^^^^^^
  File "C:\PROYECTOS\pragma\backend\apps\pragma_dashboard\views.py", line 52, in __init__
    self.fields['email'] = self.fields.pop('username')
                           ^^^^^^^^^^^^^^^^^^^^^^^^^^^
  File "<frozen _collections_abc>", line 945, in pop
  File "C:\PROYECTOS\venv\Lib\site-packages\rest_framework\utils\serializer_helpers.py", line 168, in __getitem__
    return self.fields[key]
           ~~~~~~~~~~~^^^^^
KeyError: 'username'
[ERROR] 2025-11-27 20:57:30,033 django.server basehttp 15668 69040 - "POST /api/v1/dashboard/auth/login/ HTTP/1.1" 500 122752
[ERROR] 2025-11-27 20:58:19,788 django.request log 29896 75576 - Internal Server Error: /api/v1/dashboard/auth/login/
Traceback (most recent call last):
  File "C:\PROYECTOS\pragma\backend\apps\pragma_dashboard\views.py", line 64, in validate
    user = User.objects.get(email=email)
           ^^^^^^^^^^^^^^^^^^^^^^^^^^^^^
  File "C:\PROYECTOS\venv\Lib\site-packages\django\db\models\manager.py", line 87, in manager_method
    return getattr(self.get_queryset(), name)(*args, **kwargs)
           ^^^^^^^^^^^^^^^^^^^^^^^^^^^^^^^^^^^^^^^^^^^^^^^^^^^
  File "C:\PROYECTOS\venv\Lib\site-packages\django\db\models\query.py", line 635, in get
    raise self.model.DoesNotExist(
django.contrib.auth.models.User.DoesNotExist: User matching query does not exist.

During handling of the above exception, another exception occurred:

Traceback (most recent call last):
  File "C:\PROYECTOS\venv\Lib\site-packages\django\core\handlers\exception.py", line 55, in inner
    response = get_response(request)
               ^^^^^^^^^^^^^^^^^^^^^
  File "C:\PROYECTOS\venv\Lib\site-packages\django\core\handlers\base.py", line 197, in _get_response
    response = wrapped_callback(request, *callback_args, **callback_kwargs)
               ^^^^^^^^^^^^^^^^^^^^^^^^^^^^^^^^^^^^^^^^^^^^^^^^^^^^^^^^^^^^
  File "C:\PROYECTOS\venv\Lib\site-packages\django\views\decorators\csrf.py", line 65, in _view_wrapper
    return view_func(request, *args, **kwargs)
           ^^^^^^^^^^^^^^^^^^^^^^^^^^^^^^^^^^^
  File "C:\PROYECTOS\venv\Lib\site-packages\django\views\generic\base.py", line 105, in view
    return self.dispatch(request, *args, **kwargs)
           ^^^^^^^^^^^^^^^^^^^^^^^^^^^^^^^^^^^^^^^
  File "C:\PROYECTOS\venv\Lib\site-packages\rest_framework\views.py", line 515, in dispatch
    response = self.handle_exception(exc)
               ^^^^^^^^^^^^^^^^^^^^^^^^^^
  File "C:\PROYECTOS\venv\Lib\site-packages\rest_framework\views.py", line 475, in handle_exception
    self.raise_uncaught_exception(exc)
  File "C:\PROYECTOS\venv\Lib\site-packages\rest_framework\views.py", line 486, in raise_uncaught_exception
    raise exc
  File "C:\PROYECTOS\venv\Lib\site-packages\rest_framework\views.py", line 512, in dispatch
    response = handler(request, *args, **kwargs)
               ^^^^^^^^^^^^^^^^^^^^^^^^^^^^^^^^^
  File "C:\PROYECTOS\venv\Lib\site-packages\rest_framework_simplejwt\views.py", line 46, in post
    serializer.is_valid(raise_exception=True)
  File "C:\PROYECTOS\venv\Lib\site-packages\rest_framework\serializers.py", line 225, in is_valid
    self._validated_data = self.run_validation(self.initial_data)
                           ^^^^^^^^^^^^^^^^^^^^^^^^^^^^^^^^^^^^^^
  File "C:\PROYECTOS\venv\Lib\site-packages\rest_framework\serializers.py", line 447, in run_validation
    value = self.validate(value)
            ^^^^^^^^^^^^^^^^^^^^
  File "C:\PROYECTOS\pragma\backend\apps\pragma_dashboard\views.py", line 66, in validate
    raise serializers.ValidationError({'email': 'No existe un usuario con este email'})
          ^^^^^^^^^^^
NameError: name 'serializers' is not defined
[ERROR] 2025-11-27 20:58:19,795 django.server basehttp 29896 75576 - "POST /api/v1/dashboard/auth/login/ HTTP/1.1" 500 135603
[ERROR] 2025-11-27 20:58:29,579 django.request log 18676 57276 - Internal Server Error: /api/v1/dashboard/auth/login/
Traceback (most recent call last):
  File "C:\PROYECTOS\pragma\backend\apps\pragma_dashboard\views.py", line 64, in validate
    user = User.objects.get(email=email)
           ^^^^^^^^^^^^^^^^^^^^^^^^^^^^^
  File "C:\PROYECTOS\venv\Lib\site-packages\django\db\models\manager.py", line 87, in manager_method
    return getattr(self.get_queryset(), name)(*args, **kwargs)
           ^^^^^^^^^^^^^^^^^^^^^^^^^^^^^^^^^^^^^^^^^^^^^^^^^^^
  File "C:\PROYECTOS\venv\Lib\site-packages\django\db\models\query.py", line 635, in get
    raise self.model.DoesNotExist(
django.contrib.auth.models.User.DoesNotExist: User matching query does not exist.

During handling of the above exception, another exception occurred:

Traceback (most recent call last):
  File "C:\PROYECTOS\venv\Lib\site-packages\django\core\handlers\exception.py", line 55, in inner
    response = get_response(request)
               ^^^^^^^^^^^^^^^^^^^^^
  File "C:\PROYECTOS\venv\Lib\site-packages\django\core\handlers\base.py", line 197, in _get_response
    response = wrapped_callback(request, *callback_args, **callback_kwargs)
               ^^^^^^^^^^^^^^^^^^^^^^^^^^^^^^^^^^^^^^^^^^^^^^^^^^^^^^^^^^^^
  File "C:\PROYECTOS\venv\Lib\site-packages\django\views\decorators\csrf.py", line 65, in _view_wrapper
    return view_func(request, *args, **kwargs)
           ^^^^^^^^^^^^^^^^^^^^^^^^^^^^^^^^^^^
  File "C:\PROYECTOS\venv\Lib\site-packages\django\views\generic\base.py", line 105, in view
    return self.dispatch(request, *args, **kwargs)
           ^^^^^^^^^^^^^^^^^^^^^^^^^^^^^^^^^^^^^^^
  File "C:\PROYECTOS\venv\Lib\site-packages\rest_framework\views.py", line 515, in dispatch
    response = self.handle_exception(exc)
               ^^^^^^^^^^^^^^^^^^^^^^^^^^
  File "C:\PROYECTOS\venv\Lib\site-packages\rest_framework\views.py", line 475, in handle_exception
    self.raise_uncaught_exception(exc)
  File "C:\PROYECTOS\venv\Lib\site-packages\rest_framework\views.py", line 486, in raise_uncaught_exception
    raise exc
  File "C:\PROYECTOS\venv\Lib\site-packages\rest_framework\views.py", line 512, in dispatch
    response = handler(request, *args, **kwargs)
               ^^^^^^^^^^^^^^^^^^^^^^^^^^^^^^^^^
  File "C:\PROYECTOS\venv\Lib\site-packages\rest_framework_simplejwt\views.py", line 46, in post
    serializer.is_valid(raise_exception=True)
  File "C:\PROYECTOS\venv\Lib\site-packages\rest_framework\serializers.py", line 225, in is_valid
    self._validated_data = self.run_validation(self.initial_data)
                           ^^^^^^^^^^^^^^^^^^^^^^^^^^^^^^^^^^^^^^
  File "C:\PROYECTOS\venv\Lib\site-packages\rest_framework\serializers.py", line 447, in run_validation
    value = self.validate(value)
            ^^^^^^^^^^^^^^^^^^^^
  File "C:\PROYECTOS\pragma\backend\apps\pragma_dashboard\views.py", line 66, in validate
    raise serializers.ValidationError({'email': 'No existe un usuario con este email'})
          ^^^^^^^^^^^
NameError: name 'serializers' is not defined
[ERROR] 2025-11-27 20:58:29,586 django.server basehttp 18676 57276 - "POST /api/v1/dashboard/auth/login/ HTTP/1.1" 500 135603
